RESULT erm_qatar_s0 AUC 0.914 [0.898,0.927] sens@spec70 0.88 spec@sens90 0.66 transfer sens 0.63 spec 1.00
RESULT groupdro_qatar_s0 AUC 0.869 [0.852,0.886] sens@spec70 0.82 spec@sens90 0.51 transfer sens 0.53 spec 0.98
RESULT erm_nlm_s0 AUC 0.751 [0.720,0.783] sens@spec70 0.71 spec@sens90 0.39 transfer sens 0.13 spec 0.98
RESULT erm_tbx11k_s0 AUC 0.574 [0.549,0.601] sens@spec70 0.48 spec@sens90 0.08 transfer sens 0.12 spec 0.95
RESULT groupdro_nlm_s0 AUC 0.743 [0.708,0.776] sens@spec70 0.70 spec@sens90 0.35 transfer sens 0.13 spec 0.98
RESULT erm_pakistan_s0 AUC 0.910 [0.899,0.921] sens@spec70 0.90 spec@sens90 0.70 transfer sens 0.75 spec 0.92
RESULT erm_cidrz_s0 AUC 0.705 [0.627,0.780] sens@spec70 0.62 spec@sens90 0.27 transfer sens 0.82 spec 0.45
RESULT groupdro_tbx11k_s0 AUC 0.708 [0.686,0.730] sens@spec70 0.61 spec@sens90 0.24 transfer sens 0.28 spec 0.95
RESULT erm_qatar_s1 AUC 0.870 [0.852,0.888] sens@spec70 0.81 spec@sens90 0.45 transfer sens 0.52 spec 1.00
RESULT groupdro_pakistan_s0 AUC 0.692 [0.668,0.714] sens@spec70 0.54 spec@sens90 0.29 transfer sens 0.64 spec 0.61
RESULT erm_nlm_s1 AUC 0.742 [0.709,0.775] sens@spec70 0.67 spec@sens90 0.33 transfer sens 0.16 spec 0.99
RESULT erm_tbx11k_s1 AUC 0.619 [0.595,0.644] sens@spec70 0.48 spec@sens90 0.15 transfer sens 0.16 spec 0.96
RESULT groupdro_cidrz_s0 AUC 0.752 [0.678,0.824] sens@spec70 0.68 spec@sens90 0.31 transfer sens 0.77 spec 0.59
RESULT erm_pakistan_s1 AUC 0.908 [0.896,0.919] sens@spec70 0.89 spec@sens90 0.68 transfer sens 0.74 spec 0.90
RESULT erm_cidrz_s1 AUC 0.776 [0.705,0.844] sens@spec70 0.70 spec@sens90 0.33 transfer sens 0.57 spec 0.82
RESULT groupdro_qatar_s1 AUC 0.901 [0.886,0.916] sens@spec70 0.86 spec@sens90 0.61 transfer sens 0.46 spec 0.99
RESULT sbal_qatar_s0 AUC 0.862 [0.843,0.881] sens@spec70 0.83 spec@sens90 0.41 transfer sens 0.40 spec 1.00
RESULT groupdro_nlm_s1 AUC 0.769 [0.737,0.798] sens@spec70 0.74 spec@sens90 0.42 transfer sens 0.22 spec 0.94
RESULT sbal_nlm_s0 AUC 0.790 [0.759,0.822] sens@spec70 0.76 spec@sens90 0.40 transfer sens 0.28 spec 0.95
RESULT sbal_tbx11k_s0 AUC 0.669 [0.646,0.692] sens@spec70 0.55 spec@sens90 0.20 transfer sens 0.29 spec 0.92
RESULT groupdro_tbx11k_s1 AUC 0.740 [0.719,0.760] sens@spec70 0.67 spec@sens90 0.33 transfer sens 0.27 spec 0.94
RESULT sbal_pakistan_s0 AUC 0.673 [0.649,0.697] sens@spec70 0.53 spec@sens90 0.20 transfer sens 0.55 spec 0.68
RESULT sbal_cidrz_s0 AUC 0.754 [0.680,0.826] sens@spec70 0.70 spec@sens90 0.37 transfer sens 0.70 spec 0.69
RESULT groupdro_pakistan_s1 AUC 0.859 [0.844,0.874] sens@spec70 0.83 spec@sens90 0.55 transfer sens 0.64 spec 0.92
RESULT sbal_qatar_s1 AUC 0.901 [0.887,0.915] sens@spec70 0.87 spec@sens90 0.61 transfer sens 0.57 spec 0.99
RESULT groupdro_cidrz_s1 AUC 0.771 [0.700,0.842] sens@spec70 0.68 spec@sens90 0.39 transfer sens 0.77 spec 0.57
RESULT sbal_nlm_s1 AUC 0.743 [0.709,0.774] sens@spec70 0.62 spec@sens90 0.34 transfer sens 0.20 spec 0.98
RESULT sbal_tbx11k_s1 AUC 0.754 [0.734,0.774] sens@spec70 0.68 spec@sens90 0.36 transfer sens 0.28 spec 0.95
RESULT vrex_qatar_s0 AUC 0.897 [0.883,0.911] sens@spec70 0.87 spec@sens90 0.63 transfer sens 0.57 spec 0.98
RESULT sbal_pakistan_s1 AUC 0.866 [0.850,0.879] sens@spec70 0.82 spec@sens90 0.53 transfer sens 0.62 spec 0.92
RESULT vrex_nlm_s0 AUC 0.673 [0.636,0.706] sens@spec70 0.50 spec@sens90 0.27 transfer sens 0.32 spec 0.87
RESULT sbal_cidrz_s1 AUC 0.773 [0.699,0.842] sens@spec70 0.70 spec@sens90 0.33 transfer sens 0.77 spec 0.54
RESULT vrex_tbx11k_s0 AUC 0.676 [0.652,0.700] sens@spec70 0.58 spec@sens90 0.17 transfer sens 0.23 spec 0.95
RESULT sbal_aug_qatar_s0 AUC 0.944 [0.932,0.953] sens@spec70 0.93 spec@sens90 0.80 transfer sens 0.65 spec 1.00
RESULT sbal_aug_nlm_s0 AUC 0.817 [0.789,0.845] sens@spec70 0.75 spec@sens90 0.42 transfer sens 0.21 spec 0.99
RESULT vrex_pakistan_s0 AUC 0.848 [0.833,0.864] sens@spec70 0.80 spec@sens90 0.43 transfer sens 0.64 spec 0.94
RESULT sbal_aug_tbx11k_s0 AUC 0.796 [0.778,0.813] sens@spec70 0.77 spec@sens90 0.45 transfer sens 0.41 spec 0.91
RESULT vrex_cidrz_s0 AUC 0.754 [0.680,0.827] sens@spec70 0.73 spec@sens90 0.30 transfer sens 0.75 spec 0.66
RESULT sbal_aug_pakistan_s0 AUC 0.692 [0.672,0.712] sens@spec70 0.60 spec@sens90 0.11 transfer sens 0.74 spec 0.41
RESULT vrex_qatar_s1 AUC 0.876 [0.860,0.893] sens@spec70 0.85 spec@sens90 0.50 transfer sens 0.52 spec 0.99
RESULT sbal_aug_cidrz_s0 AUC 0.789 [0.718,0.853] sens@spec70 0.75 spec@sens90 0.41 transfer sens 0.85 spec 0.48
RESULT sbal_aug_qatar_s1 AUC 0.900 [0.884,0.916] sens@spec70 0.87 spec@sens90 0.64 transfer sens 0.64 spec 0.99
RESULT vrex_nlm_s1 AUC 0.741 [0.706,0.770] sens@spec70 0.65 spec@sens90 0.34 transfer sens 0.23 spec 0.97
RESULT sbal_aug_nlm_s1 AUC 0.796 [0.764,0.825] sens@spec70 0.74 spec@sens90 0.40 transfer sens 0.12 spec 0.99
RESULT vrex_tbx11k_s1 AUC 0.787 [0.768,0.804] sens@spec70 0.75 spec@sens90 0.40 transfer sens 0.56 spec 0.85
RESULT sbal_aug_tbx11k_s1 AUC 0.805 [0.788,0.820] sens@spec70 0.77 spec@sens90 0.49 transfer sens 0.35 spec 0.94
RESULT vrex_pakistan_s1 AUC 0.793 [0.774,0.811] sens@spec70 0.73 spec@sens90 0.39 transfer sens 0.79 spec 0.63
RESULT sbal_aug_pakistan_s1 AUC 0.725 [0.706,0.746] sens@spec70 0.62 spec@sens90 0.21 transfer sens 0.76 spec 0.46
RESULT sbal_aug_cidrz_s1 AUC 0.799 [0.726,0.865] sens@spec70 0.80 spec@sens90 0.35 transfer sens 0.85 spec 0.51
RESULT vrex_cidrz_s1 AUC 0.781 [0.715,0.846] sens@spec70 0.72 spec@sens90 0.40 transfer sens 0.72 spec 0.69
RESULT sbal_lung_qatar_s0 AUC 0.928 [0.915,0.941] sens@spec70 0.91 spec@sens90 0.76 transfer sens 0.69 spec 0.98
RESULT coral_qatar_s0 AUC 0.871 [0.854,0.889] sens@spec70 0.84 spec@sens90 0.46 transfer sens 0.56 spec 0.98
RESULT sbal_lung_nlm_s0 AUC 0.801 [0.771,0.831] sens@spec70 0.74 spec@sens90 0.42 transfer sens 0.50 spec 0.93
RESULT coral_nlm_s0 AUC 0.832 [0.803,0.860] sens@spec70 0.82 spec@sens90 0.45 transfer sens 0.23 spec 0.99
RESULT sbal_lung_tbx11k_s0 AUC 0.829 [0.810,0.843] sens@spec70 0.81 spec@sens90 0.50 transfer sens 0.78 spec 0.74
RESULT sbal_lung_pakistan_s0 AUC 0.735 [0.714,0.756] sens@spec70 0.65 spec@sens90 0.23 transfer sens 0.88 spec 0.26
RESULT coral_tbx11k_s0 AUC 0.719 [0.700,0.738] sens@spec70 0.66 spec@sens90 0.31 transfer sens 0.17 spec 0.92
RESULT sbal_lung_cidrz_s0 AUC 0.794 [0.726,0.861] sens@spec70 0.72 spec@sens90 0.41 transfer sens 0.52 spec 0.88
RESULT coral_pakistan_s0 AUC 0.892 [0.879,0.904] sens@spec70 0.87 spec@sens90 0.60 transfer sens 0.63 spec 0.96
RESULT sbal_lung_qatar_s1 AUC 0.933 [0.921,0.946] sens@spec70 0.92 spec@sens90 0.76 transfer sens 0.70 spec 0.99
RESULT sbal_lung_nlm_s1 AUC 0.827 [0.797,0.855] sens@spec70 0.78 spec@sens90 0.43 transfer sens 0.55 spec 0.93
RESULT coral_cidrz_s0 AUC 0.646 [0.574,0.711] sens@spec70 0.53 spec@sens90 0.29 transfer sens 0.73 spec 0.52
RESULT sbal_lung_tbx11k_s1 AUC 0.855 [0.838,0.869] sens@spec70 0.84 spec@sens90 0.57 transfer sens 0.60 spec 0.89
RESULT coral_qatar_s1 AUC 0.837 [0.818,0.859] sens@spec70 0.80 spec@sens90 0.32 transfer sens 0.51 spec 0.99
RESULT sbal_lung_pakistan_s1 AUC 0.769 [0.749,0.789] sens@spec70 0.70 spec@sens90 0.33 transfer sens 0.90 spec 0.31
RESULT coral_nlm_s1 AUC 0.794 [0.764,0.825] sens@spec70 0.77 spec@sens90 0.39 transfer sens 0.44 spec 0.92
RESULT sbal_lung_cidrz_s1 AUC 0.798 [0.736,0.856] sens@spec70 0.75 spec@sens90 0.44 transfer sens 0.55 spec 0.88
RESULT sbal_aug_lung_qatar_s0 AUC 0.929 [0.917,0.941] sens@spec70 0.92 spec@sens90 0.77 transfer sens 0.72 spec 0.97
RESULT coral_tbx11k_s1 AUC 0.696 [0.675,0.716] sens@spec70 0.60 spec@sens90 0.27 transfer sens 0.22 spec 0.92
RESULT sbal_aug_lung_nlm_s0 AUC 0.840 [0.813,0.865] sens@spec70 0.77 spec@sens90 0.49 transfer sens 0.44 spec 0.97
RESULT coral_pakistan_s1 AUC 0.812 [0.792,0.830] sens@spec70 0.78 spec@sens90 0.47 transfer sens 0.55 spec 0.87
RESULT sbal_aug_lung_tbx11k_s0 AUC 0.885 [0.869,0.898] sens@spec70 0.88 spec@sens90 0.67 transfer sens 0.65 spec 0.92
RESULT coral_cidrz_s1 AUC 0.720 [0.648,0.788] sens@spec70 0.63 spec@sens90 0.29 transfer sens 0.70 spec 0.63
RESULT sbal_aug_lung_pakistan_s0 AUC 0.785 [0.767,0.802] sens@spec70 0.74 spec@sens90 0.20 transfer sens 0.79 spec 0.59
RESULT dann_qatar_s0 AUC 0.775 [0.757,0.796] sens@spec70 0.72 spec@sens90 0.39 transfer sens 0.54 spec 0.85
RESULT sbal_aug_lung_cidrz_s0 AUC 0.801 [0.731,0.864] sens@spec70 0.75 spec@sens90 0.46 transfer sens 0.70 spec 0.76
RESULT dann_nlm_s0 AUC 0.759 [0.726,0.791] sens@spec70 0.71 spec@sens90 0.32 transfer sens 0.43 spec 0.91
RESULT sbal_aug_lung_qatar_s1 AUC 0.937 [0.924,0.949] sens@spec70 0.92 spec@sens90 0.81 transfer sens 0.68 spec 0.99
RESULT dann_tbx11k_s0 AUC 0.739 [0.719,0.760] sens@spec70 0.67 spec@sens90 0.32 transfer sens 0.10 spec 0.99
RESULT sbal_aug_lung_nlm_s1 AUC 0.838 [0.810,0.865] sens@spec70 0.78 spec@sens90 0.48 transfer sens 0.48 spec 0.95
RESULT dann_pakistan_s0 AUC 0.864 [0.851,0.877] sens@spec70 0.82 spec@sens90 0.50 transfer sens 0.63 spec 0.95
RESULT sbal_aug_lung_tbx11k_s1 AUC 0.854 [0.838,0.867] sens@spec70 0.84 spec@sens90 0.62 transfer sens 0.59 spec 0.90
RESULT dann_cidrz_s0 AUC 0.707 [0.631,0.783] sens@spec70 0.63 spec@sens90 0.31 transfer sens 0.80 spec 0.38
RESULT sbal_aug_lung_pakistan_s1 AUC 0.703 [0.683,0.720] sens@spec70 0.64 spec@sens90 0.08 transfer sens 0.68 spec 0.59
RESULT dann_qatar_s1 AUC 0.822 [0.803,0.843] sens@spec70 0.75 spec@sens90 0.36 transfer sens 0.54 spec 0.97
RESULT sbal_aug_lung_cidrz_s1 AUC 0.808 [0.738,0.872] sens@spec70 0.75 spec@sens90 0.41 transfer sens 0.70 spec 0.77
RESULT dann_nlm_s1 AUC 0.772 [0.739,0.805] sens@spec70 0.71 spec@sens90 0.34 transfer sens 0.28 spec 0.97
RESULT dann_tbx11k_s1 AUC 0.740 [0.721,0.760] sens@spec70 0.66 spec@sens90 0.33 transfer sens 0.08 spec 0.98
RESULT sbal_dstd_qatar_s0 AUC 0.801 [0.782,0.822] sens@spec70 0.75 spec@sens90 0.34 transfer sens 0.78 spec 0.66
RESULT dann_pakistan_s1 AUC 0.932 [0.923,0.941] sens@spec70 0.92 spec@sens90 0.78 transfer sens 0.59 spec 1.00
RESULT dann_cidrz_s1 AUC 0.718 [0.645,0.787] sens@spec70 0.63 spec@sens90 0.32 transfer sens 0.70 spec 0.61
RESULT sbal_dstd_nlm_s0 AUC 0.751 [0.718,0.783] sens@spec70 0.71 spec@sens90 0.31 transfer sens 0.54 spec 0.83
RESULT sbal_aug_dstd_qatar_s0 AUC 0.878 [0.863,0.893] sens@spec70 0.86 spec@sens90 0.62 transfer sens 0.83 spec 0.76
RESULT sbal_dstd_tbx11k_s0 AUC 0.685 [0.663,0.707] sens@spec70 0.59 spec@sens90 0.24 transfer sens 0.68 spec 0.58
RESULT sbal_aug_dstd_nlm_s0 AUC 0.795 [0.765,0.825] sens@spec70 0.73 spec@sens90 0.34 transfer sens 0.62 spec 0.82
RESULT sbal_dstd_pakistan_s0 AUC 0.915 [0.904,0.925] sens@spec70 0.90 spec@sens90 0.69 transfer sens 0.26 spec 1.00
RESULT sbal_aug_dstd_tbx11k_s0 AUC 0.765 [0.745,0.782] sens@spec70 0.71 spec@sens90 0.40 transfer sens 0.72 spec 0.68
RESULT sbal_dstd_cidrz_s0 AUC 0.776 [0.708,0.840] sens@spec70 0.77 spec@sens90 0.43 transfer sens 0.85 spec 0.55
RESULT sbal_aug_dstd_pakistan_s0 AUC 0.792 [0.776,0.810] sens@spec70 0.73 spec@sens90 0.26 transfer sens 0.18 spec 1.00
RESULT sbal_dstd_qatar_s1 AUC 0.723 [0.702,0.744] sens@spec70 0.63 spec@sens90 0.29 transfer sens 0.67 spec 0.65
RESULT sbal_aug_dstd_cidrz_s0 AUC 0.811 [0.747,0.871] sens@spec70 0.83 spec@sens90 0.40 transfer sens 0.83 spec 0.71
RESULT sbal_dstd_nlm_s1 AUC 0.724 [0.691,0.757] sens@spec70 0.61 spec@sens90 0.35 transfer sens 0.57 spec 0.75
RESULT sbal_aug_dstd_qatar_s1 AUC 0.833 [0.810,0.854] sens@spec70 0.80 spec@sens90 0.31 transfer sens 0.80 spec 0.72
RESULT sbal_dstd_tbx11k_s1 AUC 0.676 [0.654,0.698] sens@spec70 0.57 spec@sens90 0.23 transfer sens 0.60 spec 0.67
RESULT sbal_aug_dstd_nlm_s1 AUC 0.749 [0.716,0.784] sens@spec70 0.66 spec@sens90 0.33 transfer sens 0.59 spec 0.78
RESULT sbal_dstd_pakistan_s1 AUC 0.933 [0.924,0.942] sens@spec70 0.92 spec@sens90 0.76 transfer sens 0.34 spec 1.00
RESULT sbal_aug_dstd_tbx11k_s1 AUC 0.805 [0.788,0.820] sens@spec70 0.77 spec@sens90 0.50 transfer sens 0.78 spec 0.68
RESULT sbal_dstd_cidrz_s1 AUC 0.778 [0.714,0.845] sens@spec70 0.72 spec@sens90 0.43 transfer sens 0.78 spec 0.58
DONE erm|--sampler random sbal| sbal_aug|--aug strong sbal_lung|--input lung sbal_aug_lung|--aug strong --input lung sbal_dstd|--dstd
RESULT sbal_aug_dstd_pakistan_s1 AUC 0.760 [0.740,0.779] sens@spec70 0.69 spec@sens90 0.27 transfer sens 0.22 spec 0.98
RESULT sbal_aug_dstd_cidrz_s1 AUC 0.690 [0.618,0.761] sens@spec70 0.58 spec@sens90 0.32 transfer sens 0.72 spec 0.64
RESULT sbal_aug_lung_dstd_qatar_s0 AUC 0.930 [0.917,0.941] sens@spec70 0.93 spec@sens90 0.78 transfer sens 0.87 spec 0.83
RESULT sbal_aug_lung_dstd_nlm_s0 AUC 0.816 [0.786,0.845] sens@spec70 0.76 spec@sens90 0.43 transfer sens 0.71 spec 0.78
RESULT sbal_aug_lung_dstd_tbx11k_s0 AUC 0.868 [0.853,0.880] sens@spec70 0.86 spec@sens90 0.62 transfer sens 0.90 spec 0.61
RESULT sbal_aug_lung_dstd_pakistan_s0 AUC 0.827 [0.810,0.844] sens@spec70 0.80 spec@sens90 0.43 transfer sens 0.45 spec 0.97
RESULT sbal_aug_lung_dstd_cidrz_s0 AUC 0.815 [0.755,0.875] sens@spec70 0.77 spec@sens90 0.50 transfer sens 0.73 spec 0.73
RESULT sbal_aug_lung_dstd_qatar_s1 AUC 0.892 [0.879,0.906] sens@spec70 0.87 spec@sens90 0.64 transfer sens 0.87 spec 0.71
RESULT sbal_aug_lung_dstd_nlm_s1 AUC 0.806 [0.775,0.835] sens@spec70 0.77 spec@sens90 0.45 transfer sens 0.49 spec 0.90
RESULT sbal_aug_lung_dstd_tbx11k_s1 AUC 0.855 [0.839,0.867] sens@spec70 0.85 spec@sens90 0.58 transfer sens 0.92 spec 0.55
RESULT sbal_aug_lung_dstd_pakistan_s1 AUC 0.795 [0.780,0.811] sens@spec70 0.76 spec@sens90 0.17 transfer sens 0.45 spec 0.99
RESULT sbal_aug_lung_dstd_cidrz_s1 AUC 0.775 [0.701,0.845] sens@spec70 0.68 spec@sens90 0.33 transfer sens 0.68 spec 0.72
DONE groupdro|--loss groupdro vrex|--loss vrex coral|--loss coral dann|--loss dann sbal_aug_dstd|--aug strong --dstd sbal_aug_lung_dstd|--aug strong --input lung --dstd
RESULT bb_xrv_densenet_qatar_s0 AUC 0.921 [0.908,0.934] sens@spec70 0.90 spec@sens90 0.71 transfer sens 0.83 spec 0.87
RESULT bb_xrv_densenet_nlm_s0 AUC 0.770 [0.735,0.803] sens@spec70 0.71 spec@sens90 0.36 transfer sens 0.60 spec 0.83
RESULT lesion_vit_qatar_s0 AUC 0.946 [0.936,0.956] sens@spec70 0.94 spec@sens90 0.85 transfer sens 0.71 spec 0.99
RESULT bb_xrv_densenet_tbx11k_s0 AUC 0.814 [0.797,0.830] sens@spec70 0.78 spec@sens90 0.51 transfer sens 0.67 spec 0.80
RESULT bb_xrv_densenet_pakistan_s0 AUC 0.596 [0.568,0.623] sens@spec70 0.42 spec@sens90 0.20 transfer sens 0.95 spec 0.10
RESULT bb_xrv_densenet_cidrz_s0 AUC 0.819 [0.762,0.868] sens@spec70 0.85 spec@sens90 0.60 transfer sens 0.92 spec 0.59
RESULT lesion_vit_nlm_s0 AUC 0.850 [0.823,0.875] sens@spec70 0.79 spec@sens90 0.52 transfer sens 0.50 spec 0.95
RESULT bb_xrv_densenet_qatar_s1 AUC 0.930 [0.917,0.941] sens@spec70 0.92 spec@sens90 0.76 transfer sens 0.83 spec 0.90
RESULT bb_xrv_densenet_nlm_s1 AUC 0.769 [0.735,0.803] sens@spec70 0.70 spec@sens90 0.33 transfer sens 0.59 spec 0.80
RESULT lesion_vit_tbx11k_s0 AUC 0.885 [0.869,0.898] sens@spec70 0.88 spec@sens90 0.67 transfer sens 0.65 spec 0.92
RESULT bb_xrv_densenet_tbx11k_s1 AUC 0.785 [0.769,0.801] sens@spec70 0.73 spec@sens90 0.49 transfer sens 0.59 spec 0.79
RESULT bb_xrv_densenet_pakistan_s1 AUC 0.690 [0.663,0.716] sens@spec70 0.58 spec@sens90 0.30 transfer sens 0.95 spec 0.18
RESULT bb_xrv_densenet_cidrz_s1 AUC 0.816 [0.756,0.868] sens@spec70 0.82 spec@sens90 0.58 transfer sens 0.93 spec 0.47
RESULT lesion_vit_pakistan_s0 AUC 0.833 [0.818,0.847] sens@spec70 0.80 spec@sens90 0.26 transfer sens 0.82 spec 0.62
RESULT bb_resnet50_qatar_s0 AUC 0.893 [0.878,0.907] sens@spec70 0.86 spec@sens90 0.58 transfer sens 0.71 spec 0.92
RESULT bb_resnet50_nlm_s0 AUC 0.813 [0.782,0.842] sens@spec70 0.77 spec@sens90 0.49 transfer sens 0.59 spec 0.84
RESULT bb_resnet50_tbx11k_s0 AUC 0.793 [0.774,0.811] sens@spec70 0.75 spec@sens90 0.48 transfer sens 0.60 spec 0.82
RESULT lesion_vit_cidrz_s0 AUC 0.799 [0.725,0.863] sens@spec70 0.78 spec@sens90 0.39 transfer sens 0.58 spec 0.87
RESULT bb_resnet50_pakistan_s0 AUC 0.737 [0.717,0.757] sens@spec70 0.68 spec@sens90 0.19 transfer sens 0.90 spec 0.18
RESULT bb_resnet50_cidrz_s0 AUC 0.787 [0.715,0.852] sens@spec70 0.73 spec@sens90 0.43 transfer sens 0.83 spec 0.48
RESULT lesion_vit_qatar_s1 AUC 0.902 [0.886,0.918] sens@spec70 0.87 spec@sens90 0.59 transfer sens 0.71 spec 0.97
RESULT bb_resnet50_qatar_s1 AUC 0.869 [0.851,0.886] sens@spec70 0.83 spec@sens90 0.49 transfer sens 0.69 spec 0.93
RESULT bb_resnet50_nlm_s1 AUC 0.779 [0.746,0.810] sens@spec70 0.72 spec@sens90 0.41 transfer sens 0.67 spec 0.76
RESULT bb_resnet50_tbx11k_s1 AUC 0.811 [0.793,0.827] sens@spec70 0.76 spec@sens90 0.52 transfer sens 0.67 spec 0.80
RESULT lesion_vit_nlm_s1 AUC 0.833 [0.802,0.860] sens@spec70 0.80 spec@sens90 0.46 transfer sens 0.59 spec 0.90
RESULT bb_resnet50_pakistan_s1 AUC 0.590 [0.567,0.613] sens@spec70 0.47 spec@sens90 0.05 transfer sens 0.85 spec 0.11
RESULT bb_resnet50_cidrz_s1 AUC 0.694 [0.615,0.766] sens@spec70 0.53 spec@sens90 0.32 transfer sens 0.77 spec 0.42
RESULT lesion_vit_tbx11k_s1 AUC 0.854 [0.838,0.867] sens@spec70 0.84 spec@sens90 0.62 transfer sens 0.59 spec 0.90
RESULT bb_raddino_qatar_s0 AUC 0.966 [0.957,0.975] sens@spec70 0.96 spec@sens90 0.94 transfer sens 0.76 spec 0.99
RESULT lesion_vit_pakistan_s1 AUC 0.758 [0.740,0.775] sens@spec70 0.71 spec@sens90 0.12 transfer sens 0.71 spec 0.69
RESULT bb_raddino_nlm_s0 AUC 0.929 [0.912,0.945] sens@spec70 0.94 spec@sens90 0.75 transfer sens 0.61 spec 0.98
RESULT lesion_vit_cidrz_s1 AUC 0.784 [0.714,0.853] sens@spec70 0.72 spec@sens90 0.39 transfer sens 0.62 spec 0.83
RESULT bb_raddino_tbx11k_s0 AUC 0.927 [0.915,0.937] sens@spec70 0.94 spec@sens90 0.79 transfer sens 0.65 spec 0.96
RESULT lesion_raddino_qatar_s0 AUC 0.970 [0.961,0.978] sens@spec70 0.97 spec@sens90 0.96 transfer sens 0.79 spec 0.99
RESULT bb_raddino_pakistan_s0 AUC 0.849 [0.835,0.863] sens@spec70 0.81 spec@sens90 0.38 transfer sens 0.70 spec 0.91
RESULT lesion_raddino_nlm_s0 AUC 0.929 [0.911,0.947] sens@spec70 0.92 spec@sens90 0.80 transfer sens 0.52 spec 0.99
RESULT bb_raddino_cidrz_s0 AUC 0.788 [0.726,0.848] sens@spec70 0.73 spec@sens90 0.50 transfer sens 0.62 spec 0.82
RESULT lesion_raddino_tbx11k_s0 AUC 0.931 [0.919,0.940] sens@spec70 0.94 spec@sens90 0.80 transfer sens 0.71 spec 0.95
RESULT bb_raddino_qatar_s1 AUC 0.975 [0.968,0.982] sens@spec70 0.97 spec@sens90 0.96 transfer sens 0.80 spec 1.00
RESULT lesion_raddino_pakistan_s0 AUC 0.807 [0.791,0.824] sens@spec70 0.77 spec@sens90 0.28 transfer sens 0.65 spec 0.87
RESULT bb_raddino_nlm_s1 AUC 0.928 [0.910,0.946] sens@spec70 0.92 spec@sens90 0.77 transfer sens 0.62 spec 0.99
RESULT lesion_raddino_cidrz_s0 AUC 0.806 [0.745,0.864] sens@spec70 0.77 spec@sens90 0.53 transfer sens 0.70 spec 0.78
RESULT bb_raddino_tbx11k_s1 AUC 0.930 [0.919,0.939] sens@spec70 0.94 spec@sens90 0.78 transfer sens 0.61 spec 0.96
RESULT lesion_raddino_qatar_s1 AUC 0.976 [0.969,0.983] sens@spec70 0.98 spec@sens90 0.97 transfer sens 0.74 spec 1.00
RESULT bb_raddino_pakistan_s1 AUC 0.742 [0.724,0.761] sens@spec70 0.67 spec@sens90 0.12 transfer sens 0.70 spec 0.66
RESULT lesion_raddino_nlm_s1 AUC 0.895 [0.874,0.916] sens@spec70 0.89 spec@sens90 0.65 transfer sens 0.73 spec 0.89
RESULT bb_raddino_cidrz_s1 AUC 0.809 [0.746,0.873] sens@spec70 0.80 spec@sens90 0.44 transfer sens 0.77 spec 0.73
DONE bb_xrv_densenet|--aug strong --input lung --backbone xrv_densenet bb_resnet50|--aug strong --input lung --backbone resnet50 bb_raddino|--aug strong --input lung --backbone raddino
RESULT lesion_raddino_tbx11k_s1 AUC 0.925 [0.914,0.935] sens@spec70 0.93 spec@sens90 0.78 transfer sens 0.61 spec 0.96
RESULT lesion_raddino_pakistan_s1 AUC 0.757 [0.737,0.777] sens@spec70 0.69 spec@sens90 0.22 transfer sens 0.65 spec 0.77
RESULT lesion_raddino_cidrz_s1 AUC 0.798 [0.734,0.860] sens@spec70 0.80 spec@sens90 0.44 transfer sens 0.77 spec 0.74
DONE lesion_vit|--aug strong --input lung --lesion 1.0 lesion_raddino|--aug strong --input lung --backbone raddino --lesion 1.0
RESULT ms_vit_qatar_s0 AUC 0.936 [0.924,0.948] sens@spec70 0.92 spec@sens90 0.80 transfer sens 0.63 spec 0.99
RESULT bb_raddino_cidrz_s2 AUC 0.810 [0.750,0.869] sens@spec70 0.78 spec@sens90 0.47 transfer sens 0.77 spec 0.78
RESULT ms_vit_nlm_s0 AUC 0.845 [0.816,0.870] sens@spec70 0.79 spec@sens90 0.49 transfer sens 0.59 spec 0.93
RESULT bb_raddino_cidrz_s3 AUC 0.806 [0.745,0.869] sens@spec70 0.80 spec@sens90 0.35 transfer sens 0.80 spec 0.74
RESULT ms_vit_tbx11k_s0 AUC 0.845 [0.827,0.859] sens@spec70 0.83 spec@sens90 0.57 transfer sens 0.55 spec 0.92
RESULT bb_raddino_cidrz_s4 AUC 0.807 [0.742,0.871] sens@spec70 0.75 spec@sens90 0.52 transfer sens 0.70 spec 0.79
RESULT ms_vit_pakistan_s0 AUC 0.864 [0.851,0.877] sens@spec70 0.83 spec@sens90 0.43 transfer sens 0.86 spec 0.59
RESULT sbal_aug_lung_cidrz_s2 AUC 0.768 [0.694,0.841] sens@spec70 0.72 spec@sens90 0.32 transfer sens 0.53 spec 0.89
RESULT ms_vit_cidrz_s0 AUC 0.828 [0.765,0.886] sens@spec70 0.77 spec@sens90 0.55 transfer sens 0.60 spec 0.87
RESULT sbal_aug_lung_cidrz_s3 AUC 0.809 [0.741,0.876] sens@spec70 0.77 spec@sens90 0.40 transfer sens 0.62 spec 0.83
RESULT ms_vit_qatar_s1 AUC 0.952 [0.943,0.962] sens@spec70 0.94 spec@sens90 0.85 transfer sens 0.73 spec 0.99
RESULT sbal_aug_lung_cidrz_s4 AUC 0.806 [0.742,0.867] sens@spec70 0.75 spec@sens90 0.45 transfer sens 0.70 spec 0.75
DONE bb_raddino|--aug strong --input lung --backbone raddino sbal_aug_lung|--aug strong --input lung
RESULT ms_vit_nlm_s1 AUC 0.827 [0.797,0.853] sens@spec70 0.79 spec@sens90 0.46 transfer sens 0.58 spec 0.88
RESULT ms_vit_tbx11k_s1 AUC 0.879 [0.865,0.891] sens@spec70 0.86 spec@sens90 0.64 transfer sens 0.63 spec 0.91
RESULT ms_vit_pakistan_s1 AUC 0.843 [0.828,0.858] sens@spec70 0.81 spec@sens90 0.38 transfer sens 0.87 spec 0.50
RESULT ms_vit_cidrz_s1 AUC 0.811 [0.742,0.879] sens@spec70 0.78 spec@sens90 0.42 transfer sens 0.67 spec 0.85
RESULT ms_raddino_qatar_s0 AUC 0.965 [0.956,0.973] sens@spec70 0.96 spec@sens90 0.92 transfer sens 0.76 spec 1.00
RESULT ms_raddino_nlm_s0 AUC 0.926 [0.907,0.943] sens@spec70 0.92 spec@sens90 0.75 transfer sens 0.69 spec 0.97
RESULT ms_raddino_tbx11k_s0 AUC 0.927 [0.915,0.937] sens@spec70 0.93 spec@sens90 0.80 transfer sens 0.67 spec 0.95
RESULT ms_raddino_pakistan_s0 AUC 0.843 [0.828,0.858] sens@spec70 0.81 spec@sens90 0.41 transfer sens 0.60 spec 0.95
RESULT ms_raddino_cidrz_s0 AUC 0.788 [0.722,0.850] sens@spec70 0.75 spec@sens90 0.48 transfer sens 0.72 spec 0.77
RESULT ms_raddino_qatar_s1 AUC 0.974 [0.967,0.981] sens@spec70 0.98 spec@sens90 0.94 transfer sens 0.78 spec 1.00
RESULT ms_raddino_nlm_s1 AUC 0.915 [0.896,0.934] sens@spec70 0.90 spec@sens90 0.70 transfer sens 0.61 spec 0.99
RESULT ms_raddino_tbx11k_s1 AUC 0.931 [0.919,0.941] sens@spec70 0.93 spec@sens90 0.78 transfer sens 0.73 spec 0.94
RESULT ms_raddino_pakistan_s1 AUC 0.792 [0.776,0.810] sens@spec70 0.74 spec@sens90 0.25 transfer sens 0.61 spec 0.90
RESULT ms_raddino_cidrz_s1 AUC 0.772 [0.705,0.841] sens@spec70 0.72 spec@sens90 0.37 transfer sens 0.70 spec 0.76
RESULT ms_resnet50_qatar_s0 AUC 0.907 [0.894,0.920] sens@spec70 0.89 spec@sens90 0.68 transfer sens 0.70 spec 0.94
RESULT ms_resnet50_nlm_s0 AUC 0.819 [0.789,0.848] sens@spec70 0.76 spec@sens90 0.45 transfer sens 0.59 spec 0.87
RESULT ms_resnet50_tbx11k_s0 AUC 0.793 [0.777,0.811] sens@spec70 0.76 spec@sens90 0.48 transfer sens 0.77 spec 0.69
RESULT ms_resnet50_pakistan_s0 AUC 0.555 [0.531,0.580] sens@spec70 0.44 spec@sens90 0.03 transfer sens 0.84 spec 0.08
RESULT ms_resnet50_cidrz_s0 AUC 0.766 [0.689,0.835] sens@spec70 0.67 spec@sens90 0.25 transfer sens 0.82 spec 0.48
RESULT ms_resnet50_qatar_s1 AUC 0.899 [0.885,0.914] sens@spec70 0.88 spec@sens90 0.62 transfer sens 0.71 spec 0.94
RESULT ms_resnet50_nlm_s1 AUC 0.760 [0.728,0.791] sens@spec70 0.69 spec@sens90 0.31 transfer sens 0.65 spec 0.74
RESULT ms_resnet50_tbx11k_s1 AUC 0.803 [0.784,0.820] sens@spec70 0.78 spec@sens90 0.48 transfer sens 0.66 spec 0.80
RESULT ms_resnet50_pakistan_s1 AUC 0.611 [0.590,0.634] sens@spec70 0.51 spec@sens90 0.05 transfer sens 0.79 spec 0.22
RESULT ms_resnet50_cidrz_s1 AUC 0.739 [0.669,0.805] sens@spec70 0.57 spec@sens90 0.41 transfer sens 0.92 spec 0.39
DONE ms_vit|--aug strong --input lung --mixstyle 0.5 ms_raddino|--aug strong --input lung --backbone raddino --mixstyle 0.5 ms_resnet50|--aug strong --input lung --backbone resnet50 --mixstyle 0.5
