n per domain/label:
 label        0     1
domain              
cidrz      304    60
nlm        405   394
pakistan   508  2465
qatar     3499   688
tbx11k    7369   660
raw        -> qatar     AUC 0.844 [0.823,0.864] sens@spec70 0.85 spec@sens90 0.53 | transfer sens 0.64 spec 0.91
raw        -> nlm       AUC 0.728 [0.693,0.764] sens@spec70 0.61 spec@sens90 0.43 | transfer sens 0.28 spec 0.91
raw        -> tbx11k    AUC 0.693 [0.672,0.712] sens@spec70 0.59 spec@sens90 0.29 | transfer sens 0.30 spec 0.88 | vs healthy 0.801 vs sick 0.583
raw        -> pakistan  AUC 0.680 [0.650,0.707] sens@spec70 0.54 spec@sens90 0.33 | transfer sens 0.77 spec 0.51
raw        -> cidrz     AUC 0.703 [0.638,0.767] sens@spec70 0.53 spec@sens90 0.37 | transfer sens 0.93 spec 0.25
dstd       -> qatar     AUC 0.864 [0.846,0.881] sens@spec70 0.84 spec@sens90 0.48 | transfer sens 0.79 spec 0.80
dstd       -> nlm       AUC 0.620 [0.580,0.659] sens@spec70 0.52 spec@sens90 0.13 | transfer sens 0.43 spec 0.76
dstd       -> tbx11k    AUC 0.702 [0.681,0.722] sens@spec70 0.60 spec@sens90 0.29 | transfer sens 0.72 spec 0.58 | vs healthy 0.864 vs sick 0.535
dstd       -> pakistan  AUC 0.786 [0.761,0.809] sens@spec70 0.74 spec@sens90 0.49 | transfer sens 0.30 spec 0.93
dstd       -> cidrz     AUC 0.742 [0.678,0.807] sens@spec70 0.65 spec@sens90 0.43 | transfer sens 0.65 spec 0.69
sbal       -> qatar     AUC 0.821 [0.800,0.841] sens@spec70 0.79 spec@sens90 0.40 | transfer sens 0.63 spec 0.89
sbal       -> nlm       AUC 0.747 [0.713,0.780] sens@spec70 0.66 spec@sens90 0.45 | transfer sens 0.36 spec 0.87
sbal       -> tbx11k    AUC 0.716 [0.696,0.735] sens@spec70 0.62 spec@sens90 0.30 | transfer sens 0.38 spec 0.87 | vs healthy 0.811 vs sick 0.618
sbal       -> pakistan  AUC 0.678 [0.648,0.704] sens@spec70 0.55 spec@sens90 0.32 | transfer sens 0.88 spec 0.37
sbal       -> cidrz     AUC 0.735 [0.666,0.798] sens@spec70 0.72 spec@sens90 0.34 | transfer sens 0.98 spec 0.24
dstd_sbal  -> qatar     AUC 0.849 [0.830,0.867] sens@spec70 0.82 spec@sens90 0.43 | transfer sens 0.79 spec 0.77
dstd_sbal  -> nlm       AUC 0.642 [0.602,0.679] sens@spec70 0.49 spec@sens90 0.17 | transfer sens 0.49 spec 0.70
dstd_sbal  -> tbx11k    AUC 0.745 [0.725,0.765] sens@spec70 0.68 spec@sens90 0.36 | transfer sens 0.80 spec 0.55 | vs healthy 0.872 vs sick 0.615
dstd_sbal  -> pakistan  AUC 0.774 [0.750,0.796] sens@spec70 0.72 spec@sens90 0.42 | transfer sens 0.32 spec 0.93
dstd_sbal  -> cidrz     AUC 0.748 [0.685,0.811] sens@spec70 0.68 spec@sens90 0.41 | transfer sens 0.70 spec 0.68

corpus-identity probe (6 corpora, xrv embedding, 5-fold): accuracy 0.968 (chance 0.491)
pooled 5-fold label AUC from corpus_id_only: 0.831
pooled 5-fold label AUC from corpus_id+size/aspect/ext: 0.831
